2024-04-05 08:49:00 | INFO | repo=coturn | action=edit | files=1
2025-11-03 13:24:00 | INFO | repo=coturn | action=commit
2024-08-16 18:07:00 | INFO | repo=coturn | action=commit
2025-06-26 19:34:00 | INFO | repo=coturn | action=commit
2024-02-03 21:03:00 | INFO | repo=coturn | action=pull
2025-09-20 20:37:00 | WARN | repo=coturn | action=edit | files=2
2025-07-01 08:22:00 | WARN | repo=coturn | action=commit
2024-02-25 20:25:00 | WARN | repo=coturn | action=commit
2025-10-19 19:34:00 | INFO | repo=coturn | action=test | passed=true
2024-07-18 19:58:00 | INFO | repo=coturn | action=commit
2024-07-26 19:10:00 | INFO | repo=coturn | action=commit
2024-06-03 21:24:00 | WARN | repo=coturn | action=commit
2025-01-19 18:47:00 | WARN | repo=coturn | action=edit | files=3
2025-11-21 17:10:00 | WARN | repo=coturn | action=pull
2025-12-19 13:39:00 | WARN | repo=coturn | action=commit
2024-12-18 09:11:00 | WARN | repo=coturn | action=commit
2025-06-09 15:02:00 | DEBUG | repo=coturn | action=commit
2025-07-10 07:28:00 | INFO | repo=coturn | action=commit
2025-08-05 16:33:00 | DEBUG | repo=coturn | action=commit
2025-08-18 07:05:00 | WARN | repo=coturn | action=commit
2025-09-12 16:48:00 | INFO | repo=coturn | action=commit
2024-04-11 21:44:00 | INFO | repo=coturn | action=commit
2025-06-15 14:14:00 | WARN | repo=coturn | action=commit
2024-10-07 19:59:00 | WARN | repo=coturn | action=commit
2025-08-05 10:34:00 | WARN | repo=coturn | action=commit
2025-12-23 20:40:00 | DEBUG | repo=coturn | action=commit
2025-08-15 12:28:00 | INFO | repo=coturn | action=commit
2025-02-23 19:31:00 | WARN | repo=coturn | action=commit
2025-02-22 07:38:00 | INFO | repo=coturn | action=test | passed=true
2025-12-27 18:28:00 | WARN | repo=coturn | action=commit
2025-10-25 08:38:00 | WARN | repo=coturn | action=commit
2025-04-28 08:39:00 | INFO | repo=coturn | action=commit
2025-06-18 21:48:00 | WARN | repo=coturn | action=test | passed=true
2025-10-24 10:34:00 | WARN | repo=coturn | action=commit
2025-06-03 11:27:00 | WARN | repo=coturn | action=test | passed=true
2025-03-13 21:42:00 | WARN | repo=coturn | action=pull
2025-02-22 20:43:00 | INFO | repo=coturn | action=commit
2025-02-03 20:45:00 | INFO | repo=coturn | action=pull
2025-08-12 10:54:00 | DEBUG | repo=coturn | action=test | passed=true
2025-10-16 15:46:00 | INFO | repo=coturn | action=commit
2025-09-22 10:37:00 | DEBUG | repo=coturn | action=commit
2025-06-10 10:32:00 | DEBUG | repo=coturn | action=commit
2025-02-24 14:36:00 | INFO | repo=coturn | action=commit
2025-09-03 15:52:00 | DEBUG | repo=coturn | action=test | passed=true
2025-08-25 17:22:00 | WARN | repo=coturn | action=commit
2025-02-19 11:27:00 | WARN | repo=coturn | action=commit
2025-07-20 07:46:00 | WARN | repo=coturn | action=commit
2025-08-28 15:41:00 | DEBUG | repo=coturn | action=pull
2025-08-14 10:25:00 | WARN | repo=coturn | action=test | passed=true
2025-05-02 20:03:00 | WARN | repo=coturn | action=commit
2025-09-17 20:10:00 | INFO | repo=coturn | action=commit
2025-12-27 08:58:00 | INFO | repo=coturn | action=commit
2025-05-17 19:13:00 | DEBUG | repo=coturn | action=commit
2025-12-21 14:58:00 | WARN | repo=coturn | action=pull
2025-05-01 07:48:00 | DEBUG | repo=coturn | action=edit | files=1
2025-01-28 12:36:00 | WARN | repo=coturn | action=edit | files=2
2025-03-10 08:59:00 | DEBUG | repo=coturn | action=commit
2025-02-12 12:29:00 | INFO | repo=coturn | action=commit
2025-12-20 13:41:00 | WARN | repo=coturn | action=commit
2025-01-01 10:25:00 | DEBUG | repo=coturn | action=commit
2025-11-11 21:13:00 | WARN | repo=coturn | action=commit
2025-01-23 18:59:00 | INFO | repo=coturn | action=commit
2025-10-26 09:55:00 | DEBUG | repo=coturn | action=commit
2025-03-11 16:14:00 | INFO | repo=coturn | action=test | passed=true
2025-07-18 09:56:00 | DEBUG | repo=coturn | action=commit
2025-11-04 07:49:00 | INFO | repo=coturn | action=commit
2025-05-03 10:47:00 | WARN | repo=coturn | action=commit
2025-01-18 15:53:00 | WARN | repo=coturn | action=commit
2025-03-07 14:38:00 | WARN | repo=coturn | action=commit
2025-04-21 09:20:00 | DEBUG | repo=coturn | action=commit
2025-07-27 13:55:00 | INFO | repo=coturn | action=commit
2025-11-15 13:43:00 | DEBUG | repo=coturn | action=pull
2025-02-24 19:54:00 | DEBUG | repo=coturn | action=commit
2025-04-23 08:50:00 | INFO | repo=coturn | action=commit
2025-01-20 08:55:00 | INFO | repo=coturn | action=commit
2025-02-20 15:53:00 | DEBUG | repo=coturn | action=commit
2025-12-04 10:49:00 | WARN | repo=coturn | action=commit
2025-02-24 08:53:00 | INFO | repo=coturn | action=commit
2025-01-02 11:22:00 | WARN | repo=coturn | action=edit | files=4
2025-04-17 09:07:00 | DEBUG | repo=coturn | action=commit
2025-04-14 16:59:00 | INFO | repo=coturn | action=pull
2025-05-07 09:11:00 | INFO | repo=coturn | action=commit
2025-08-17 21:05:00 | INFO | repo=coturn | action=commit
2025-01-19 11:32:00 | WARN | repo=coturn | action=pull
2025-07-09 12:13:00 | WARN | repo=coturn | action=commit
2025-04-18 21:49:00 | WARN | repo=coturn | action=test | passed=true
2025-09-03 18:00:00 | DEBUG | repo=coturn | action=pull
2025-06-21 09:41:00 | DEBUG | repo=coturn | action=commit
2025-03-13 13:23:00 | INFO | repo=coturn | action=pull
2025-08-06 08:24:00 | INFO | repo=coturn | action=commit
2025-06-20 21:57:00 | DEBUG | repo=coturn | action=edit | files=4
2025-05-04 11:21:00 | WARN | repo=coturn | action=commit
2025-02-16 09:48:00 | WARN | repo=coturn | action=pull
2025-02-28 20:22:00 | DEBUG | repo=coturn | action=test | passed=true
2025-04-21 17:28:00 | DEBUG | repo=coturn | action=edit | files=5
2025-10-14 10:07:00 | INFO | repo=coturn | action=commit
2025-08-07 18:00:00 | DEBUG | repo=coturn | action=test | passed=true
2025-09-01 12:31:00 | DEBUG | repo=coturn | action=test | passed=true
2025-01-06 18:17:00 | WARN | repo=coturn | action=edit | files=2
2025-01-25 18:47:00 | WARN | repo=coturn | action=edit | files=2
2025-09-15 12:53:00 | INFO | repo=coturn | action=test | passed=true
2025-12-28 15:39:00 | DEBUG | repo=coturn | action=commit
2025-10-07 08:25:00 | DEBUG | repo=coturn | action=pull
2025-08-08 17:27:00 | WARN | repo=coturn | action=edit | files=5
2025-12-14 17:01:00 | DEBUG | repo=coturn | action=edit | files=3
2025-03-24 07:37:00 | INFO | repo=coturn | action=commit
2025-06-16 21:33:00 | WARN | repo=coturn | action=commit
